../Core/Src/main.c:129:15:absf	16	static
../Core/Src/main.c:135:15:icm_get_gz_dps	40	static
../Core/Src/main.c:145:14:gyro_calibrate_bias	24	static
../Core/Src/main.c:156:7:delay_us	16	static
../Core/Src/main.c:165:27:icm_write_u8	32	static
../Core/Src/main.c:170:27:icm_read	32	static
../Core/Src/main.c:175:14:icm_select_bank	16	static
../Core/Src/main.c:181:17:icm_whoami	16	static
../Core/Src/main.c:189:17:icm_init_minimal	16	static
../Core/Src/main.c:206:14:OLED_ShowGyro	120	static
../Core/Src/main.c:243:17:be16_to_i16	16	static
../Core/Src/main.c:248:17:icm_read_accel_gyro	40	static
../Core/Src/main.c:328:7:HAL_TIM_IC_CaptureCallback	16	static
../Core/Src/main.c:426:7:MotorDrive_enable	8	static
../Core/Src/main.c:438:7:MotorC_direction	16	static
../Core/Src/main.c:445:7:MotorC_stop	4	static
../Core/Src/main.c:450:7:MotorC_forward	16	static
../Core/Src/main.c:456:7:MotorC_reverse	16	static
../Core/Src/main.c:461:7:MotorD_reverse	16	static
../Core/Src/main.c:467:7:MotorD_forward	16	static
../Core/Src/main.c:483:7:Servo_SetPWM	16	static
../Core/Src/main.c:494:7:Servo_Init	8	static
../Core/Src/main.c:501:7:Motor_stop	8	static
../Core/Src/main.c:514:7:Motor_direction	16	static
../Core/Src/main.c:525:7:Motor_forward	16	static
../Core/Src/main.c:537:7:Motor_reverse	16	static
../Core/Src/main.c:549:7:turn_left_gyro	96	static
../Core/Src/main.c:599:7:turn_right_gyro	96	static
../Core/Src/main.c:647:7:ultrasonic_trigger	8	static
../Core/Src/main.c:655:7:HAL_UART_RxCpltCallback	24	static
../Core/Src/main.c:693:10:PID_Control	8	static
../Core/Src/main.c:758:7:fwd	16	static
../Core/Src/main.c:789:6:check_distance_complete	16	static
../Core/Src/main.c:824:5:main	64	static
../Core/Src/main.c:1274:6:SystemClock_Config	88	static
../Core/Src/main.c:1320:13:MX_ADC1_Init	24	static
../Core/Src/main.c:1372:13:MX_I2C2_Init	8	static
../Core/Src/main.c:1406:13:MX_TIM1_Init	96	static
../Core/Src/main.c:1493:13:MX_TIM2_Init	56	static
../Core/Src/main.c:1542:13:MX_TIM4_Init	64	static
../Core/Src/main.c:1605:13:MX_TIM5_Init	56	static
../Core/Src/main.c:1654:13:MX_TIM6_Init	16	static
../Core/Src/main.c:1692:13:MX_TIM8_Init	48	static
../Core/Src/main.c:1751:13:MX_TIM12_Init	56	static
../Core/Src/main.c:1803:13:MX_USART2_UART_Init	8	static
../Core/Src/main.c:1836:13:MX_USART3_UART_Init	8	static
../Core/Src/main.c:1869:13:MX_GPIO_Init	56	static
../Core/Src/main.c:1948:6:Error_Handler	4	static,ignoring_inline_asm
