../Core/Src/main.c:137:15:absf	16	static
../Core/Src/main.c:143:15:icm_get_gz_dps	40	static
../Core/Src/main.c:153:14:gyro_calibrate_bias	24	static
../Core/Src/main.c:169:27:icm_write_u8	32	static
../Core/Src/main.c:174:27:icm_read	32	static
../Core/Src/main.c:179:14:icm_select_bank	16	static
../Core/Src/main.c:185:17:icm_whoami	16	static
../Core/Src/main.c:193:17:icm_init_minimal	16	static
../Core/Src/main.c:210:14:OLED_ShowGyro	120	static
../Core/Src/main.c:247:17:be16_to_i16	16	static
../Core/Src/main.c:252:17:icm_read_accel_gyro	40	static
../Core/Src/main.c:334:7:HAL_TIM_IC_CaptureCallback	16	static
../Core/Src/main.c:426:7:MotorDrive_enable	8	static
../Core/Src/main.c:437:7:Motor_forward_forreverse	16	static
../Core/Src/main.c:446:7:Motor_reverse_forreverse	16	static
../Core/Src/main.c:455:7:MotorC_direction	16	static
../Core/Src/main.c:462:7:MotorC_stop	4	static
../Core/Src/main.c:467:7:MotorC_forward	16	static
../Core/Src/main.c:473:7:MotorC_reverse	16	static
../Core/Src/main.c:478:7:MotorD_forward	16	static
../Core/Src/main.c:484:7:MotorD_reverse	16	static
../Core/Src/main.c:500:7:Servo_SetPWM	16	static
../Core/Src/main.c:511:7:Servo_Init	8	static
../Core/Src/main.c:518:7:Motor_stop	8	static
../Core/Src/main.c:532:7:Motor_brake	8	static
../Core/Src/main.c:546:7:Motor_direction	16	static
../Core/Src/main.c:557:7:Motor_reverse	16	static
../Core/Src/main.c:569:7:Motor_forward	16	static
../Core/Src/main.c:580:14:OLED_ShowIR	96	static
../Core/Src/main.c:604:7:turn_left_gyro	96	static
../Core/Src/main.c:654:7:turn_right_gyro	96	static
../Core/Src/main.c:704:7:HAL_UART_RxCpltCallback	24	static
../Core/Src/main.c:742:10:PID_Control	8	static
../Core/Src/main.c:810:7:HCSR04_Init	8	static
../Core/Src/main.c:816:7:HCSR04_Trigger	16	static,ignoring_inline_asm
../Core/Src/main.c:827:8:HCSR04_ProcessCapture	16	static
../Core/Src/main.c:848:7:HCSR04_ContinuousUpdate	64	static
../Core/Src/main.c:928:7:fwd	16	static
../Core/Src/main.c:960:7:rev	16	static
../Core/Src/main.c:985:7:revr	96	static
../Core/Src/main.c:1037:7:revl	96	static
../Core/Src/main.c:1088:6:check_distance_complete	16	static
../Core/Src/main.c:1118:5:main	168	static
../Core/Src/main.c:1575:6:SystemClock_Config	88	static
../Core/Src/main.c:1621:13:MX_ADC1_Init	24	static
../Core/Src/main.c:1682:13:MX_I2C2_Init	8	static
../Core/Src/main.c:1716:13:MX_TIM1_Init	96	static
../Core/Src/main.c:1803:13:MX_TIM2_Init	56	static
../Core/Src/main.c:1852:13:MX_TIM3_Init	48	static
../Core/Src/main.c:1910:13:MX_TIM4_Init	64	static
../Core/Src/main.c:1973:13:MX_TIM8_Init	32	static
../Core/Src/main.c:2019:13:MX_TIM12_Init	56	static
../Core/Src/main.c:2071:13:MX_USART2_UART_Init	8	static
../Core/Src/main.c:2104:13:MX_USART3_UART_Init	8	static
../Core/Src/main.c:2135:13:MX_DMA_Init	16	static
../Core/Src/main.c:2153:13:MX_GPIO_Init	56	static
../Core/Src/main.c:2242:6:Error_Handler	4	static,ignoring_inline_asm
