../Core/Src/main.c:140:7:HAL_TIM_IC_CaptureCallback	16	static
../Core/Src/main.c:175:7:HAL_GPIO_EXTI_Callback	16	static
../Core/Src/main.c:229:7:MotorDrive_enable	8	static
../Core/Src/main.c:241:7:MotorC_direction	16	static
../Core/Src/main.c:248:7:MotorC_stop	4	static
../Core/Src/main.c:253:7:MotorC_forward	16	static
../Core/Src/main.c:259:7:MotorC_reverse	16	static
../Core/Src/main.c:264:7:MotorD_reverse	16	static
../Core/Src/main.c:270:7:MotorD_forward	16	static
../Core/Src/main.c:286:7:Servo_SetPWM	16	static
../Core/Src/main.c:297:7:Servo_Init	8	static
../Core/Src/main.c:304:7:Motor_stop	8	static
../Core/Src/main.c:317:7:Motor_direction	16	static
../Core/Src/main.c:328:7:Motor_forward	16	static
../Core/Src/main.c:340:7:Motor_reverse	16	static
../Core/Src/main.c:353:10:PID_Control	8	static
../Core/Src/main.c:415:7:Apply_Mode	16	static
../Core/Src/main.c:442:7:serial_uart	8	static
../Core/Src/main.c:508:6:main	120	static
../Core/Src/main.c:767:7:SystemClock_Config	88	static
../Core/Src/main.c:813:14:MX_I2C2_Init	8	static
../Core/Src/main.c:847:14:MX_TIM1_Init	96	static
../Core/Src/main.c:935:14:MX_TIM2_Init	56	static
../Core/Src/main.c:984:14:MX_TIM3_Init	64	static
../Core/Src/main.c:1043:14:MX_TIM4_Init	64	static
../Core/Src/main.c:1106:14:MX_TIM5_Init	56	static
../Core/Src/main.c:1155:14:MX_TIM8_Init	32	static
../Core/Src/main.c:1201:14:MX_TIM11_Init	40	static
../Core/Src/main.c:1246:14:MX_TIM12_Init	56	static
../Core/Src/main.c:1292:14:MX_USART2_UART_Init	8	static
../Core/Src/main.c:1325:14:MX_USART3_UART_Init	8	static
../Core/Src/main.c:1358:14:MX_GPIO_Init	56	static
../Core/Src/main.c:1424:7:Error_Handler	4	static,ignoring_inline_asm
