../Core/Src/main.c:116:15:absf	16	static
../Core/Src/main.c:122:15:icm_get_gz_dps	40	static
../Core/Src/main.c:132:14:gyro_calibrate_bias	24	static
../Core/Src/main.c:148:27:icm_write_u8	32	static
../Core/Src/main.c:153:27:icm_read	32	static
../Core/Src/main.c:158:14:icm_select_bank	16	static
../Core/Src/main.c:164:17:icm_whoami	16	static
../Core/Src/main.c:172:17:icm_init_minimal	16	static
../Core/Src/main.c:189:14:OLED_ShowGyro	120	static
../Core/Src/main.c:226:17:be16_to_i16	16	static
../Core/Src/main.c:231:17:icm_read_accel_gyro	40	static
../Core/Src/main.c:311:7:HAL_TIM_IC_CaptureCallback	16	static
../Core/Src/main.c:384:7:MotorDrive_enable	8	static
../Core/Src/main.c:396:7:MotorC_direction	16	static
../Core/Src/main.c:403:7:MotorC_stop	4	static
../Core/Src/main.c:408:7:MotorC_forward	16	static
../Core/Src/main.c:414:7:MotorC_reverse	16	static
../Core/Src/main.c:419:7:MotorD_reverse	16	static
../Core/Src/main.c:425:7:MotorD_forward	16	static
../Core/Src/main.c:441:7:Servo_SetPWM	16	static
../Core/Src/main.c:452:7:Servo_Init	8	static
../Core/Src/main.c:459:7:Motor_stop	8	static
../Core/Src/main.c:472:7:Motor_direction	16	static
../Core/Src/main.c:483:7:Motor_forward	16	static
../Core/Src/main.c:495:7:Motor_reverse	16	static
../Core/Src/main.c:507:7:turn_left_gyro	96	static
../Core/Src/main.c:557:7:turn_right_gyro	96	static
../Core/Src/main.c:607:7:HAL_UART_RxCpltCallback	24	static
../Core/Src/main.c:645:10:PID_Control	8	static
../Core/Src/main.c:710:7:fwd	16	static
../Core/Src/main.c:741:6:check_distance_complete	16	static
../Core/Src/main.c:794:7:serial_uart	8	static
../Core/Src/main.c:862:7:UART3_Poll_Line	16	static
../Core/Src/main.c:900:6:main	136	static
../Core/Src/main.c:1318:7:SystemClock_Config	88	static
../Core/Src/main.c:1364:14:MX_I2C2_Init	8	static
../Core/Src/main.c:1398:14:MX_TIM1_Init	96	static
../Core/Src/main.c:1486:14:MX_TIM2_Init	56	static
../Core/Src/main.c:1535:14:MX_TIM3_Init	64	static
../Core/Src/main.c:1594:14:MX_TIM4_Init	64	static
../Core/Src/main.c:1657:14:MX_TIM5_Init	56	static
../Core/Src/main.c:1706:14:MX_TIM8_Init	32	static
../Core/Src/main.c:1752:14:MX_TIM11_Init	40	static
../Core/Src/main.c:1797:14:MX_TIM12_Init	56	static
../Core/Src/main.c:1843:14:MX_USART2_UART_Init	8	static
../Core/Src/main.c:1876:14:MX_USART3_UART_Init	8	static
../Core/Src/main.c:1909:14:MX_GPIO_Init	56	static
../Core/Src/main.c:1975:7:Error_Handler	4	static,ignoring_inline_asm
