../Core/Src/main.c:115:15:absf	16	static
../Core/Src/main.c:121:15:icm_get_gz_dps	40	static
../Core/Src/main.c:131:14:gyro_calibrate_bias	24	static
../Core/Src/main.c:147:27:icm_write_u8	32	static
../Core/Src/main.c:152:27:icm_read	32	static
../Core/Src/main.c:157:14:icm_select_bank	16	static
../Core/Src/main.c:163:17:icm_whoami	16	static
../Core/Src/main.c:171:17:icm_init_minimal	16	static
../Core/Src/main.c:188:14:OLED_ShowGyro	120	static
../Core/Src/main.c:225:17:be16_to_i16	16	static
../Core/Src/main.c:230:17:icm_read_accel_gyro	40	static
../Core/Src/main.c:313:7:HAL_TIM_IC_CaptureCallback	16	static
../Core/Src/main.c:386:7:MotorDrive_enable	8	static
../Core/Src/main.c:398:7:MotorC_direction	16	static
../Core/Src/main.c:405:7:MotorC_stop	4	static
../Core/Src/main.c:410:7:MotorC_forward	16	static
../Core/Src/main.c:416:7:MotorC_reverse	16	static
../Core/Src/main.c:421:7:MotorD_forward	16	static
../Core/Src/main.c:426:7:MotorD_reverse	16	static
../Core/Src/main.c:441:7:Servo_SetPWM	16	static
../Core/Src/main.c:452:7:Servo_Init	8	static
../Core/Src/main.c:459:7:Motor_stop	8	static
../Core/Src/main.c:468:7:Motor_direction	16	static
../Core/Src/main.c:478:7:Motor_forward	16	static
../Core/Src/main.c:485:7:Motor_reverse	16	static
../Core/Src/main.c:494:7:turn_left_gyro	96	static
../Core/Src/main.c:544:7:turn_right_gyro	96	static
../Core/Src/main.c:594:7:HAL_UART_RxCpltCallback	24	static
../Core/Src/main.c:632:10:PID_Control	8	static
../Core/Src/main.c:697:7:fwd	16	static
../Core/Src/main.c:731:7:rev	16	static
../Core/Src/main.c:756:7:revl	16	static
../Core/Src/main.c:780:7:revr	16	static
../Core/Src/main.c:804:6:check_distance_complete	16	static
../Core/Src/main.c:829:7:serial_uart	8	static
../Core/Src/main.c:893:5:main	168	static
../Core/Src/main.c:1353:6:SystemClock_Config	88	static
../Core/Src/main.c:1399:13:MX_ADC1_Init	24	static
../Core/Src/main.c:1451:13:MX_I2C2_Init	8	static
../Core/Src/main.c:1485:13:MX_TIM1_Init	96	static
../Core/Src/main.c:1572:13:MX_TIM2_Init	56	static
../Core/Src/main.c:1621:13:MX_TIM4_Init	64	static
../Core/Src/main.c:1684:13:MX_TIM5_Init	56	static
../Core/Src/main.c:1733:13:MX_TIM6_Init	16	static
../Core/Src/main.c:1771:13:MX_TIM8_Init	48	static
../Core/Src/main.c:1830:13:MX_TIM12_Init	56	static
../Core/Src/main.c:1882:13:MX_USART2_UART_Init	8	static
../Core/Src/main.c:1915:13:MX_USART3_UART_Init	8	static
../Core/Src/main.c:1948:13:MX_GPIO_Init	56	static
../Core/Src/main.c:2027:6:Error_Handler	4	static,ignoring_inline_asm
