../Core/Src/main.c:164:15:ir_read_pa2	4	static
../Core/Src/main.c:167:15:ir_read_pa3	4	static
../Core/Src/main.c:176:15:absf	16	static
../Core/Src/main.c:182:15:icm_get_gz_dps	40	static
../Core/Src/main.c:191:7:drive_both	24	static
../Core/Src/main.c:202:14:gyro_calibrate_bias	24	static
../Core/Src/main.c:218:27:icm_write_u8	32	static
../Core/Src/main.c:223:27:icm_read	32	static
../Core/Src/main.c:228:14:icm_select_bank	16	static
../Core/Src/main.c:234:17:icm_whoami	16	static
../Core/Src/main.c:242:17:icm_init_minimal	16	static
../Core/Src/main.c:259:14:OLED_ShowGyro	120	static
../Core/Src/main.c:296:17:be16_to_i16	16	static
../Core/Src/main.c:301:17:icm_read_accel_gyro	40	static
../Core/Src/main.c:384:7:HAL_TIM_IC_CaptureCallback	16	static
../Core/Src/main.c:415:7:HAL_GPIO_EXTI_Callback	24	static
../Core/Src/main.c:432:7:fwd_until_ir_clear_v2	96	static
../Core/Src/main.c:503:7:fwd_until_ir_clear	96	static
../Core/Src/main.c:581:7:MotorDrive_enable	8	static
../Core/Src/main.c:592:7:Motor_forward_forreverse	16	static
../Core/Src/main.c:601:7:Motor_reverse_forreverse	16	static
../Core/Src/main.c:610:7:MotorC_direction	16	static
../Core/Src/main.c:617:7:MotorC_stop	4	static
../Core/Src/main.c:622:7:MotorC_forward	16	static
../Core/Src/main.c:628:7:MotorC_reverse	16	static
../Core/Src/main.c:633:7:MotorD_forward	16	static
../Core/Src/main.c:639:7:MotorD_reverse	16	static
../Core/Src/main.c:655:7:Servo_SetPWM	16	static
../Core/Src/main.c:663:15:get_gz_filtered_dps	16	static
../Core/Src/main.c:670:15:gyro_settle_integrate	40	static
../Core/Src/main.c:692:7:Servo_Init	8	static
../Core/Src/main.c:699:7:Motor_stop	8	static
../Core/Src/main.c:713:7:Motor_brake	8	static
../Core/Src/main.c:731:7:Motor_brake_turn	8	static
../Core/Src/main.c:749:7:Motor_direction	16	static
../Core/Src/main.c:760:7:Motor_reverse	16	static
../Core/Src/main.c:772:7:Motor_forward	16	static
../Core/Src/main.c:783:14:OLED_ShowIR	104	static
../Core/Src/main.c:804:14:gyro_rebias_quick	24	static
../Core/Src/main.c:818:7:avoid_right	72	static
../Core/Src/main.c:912:7:turn_left_gyro_t2	184	static
../Core/Src/main.c:983:7:turn_left_gyro	184	static
../Core/Src/main.c:1054:7:turn_right_gyro	160	static
../Core/Src/main.c:1124:7:turn_right_gyro_t2	160	static
../Core/Src/main.c:1194:7:HAL_UART_RxCpltCallback	24	static
../Core/Src/main.c:1232:10:PID_Control	8	static
../Core/Src/main.c:1300:7:HCSR04_Init	8	static
../Core/Src/main.c:1306:7:HCSR04_Trigger	16	static,ignoring_inline_asm
../Core/Src/main.c:1317:8:HCSR04_ProcessCapture	16	static
../Core/Src/main.c:1338:7:HCSR04_ContinuousUpdate	112	static
../Core/Src/main.c:1426:7:fwdt2	8	static
../Core/Src/main.c:1450:7:fwd	16	static
../Core/Src/main.c:1485:7:rev	16	static
../Core/Src/main.c:1510:7:turn_left_gyro_final	184	static
../Core/Src/main.c:1590:7:turn_right_gyro_final	160	static
../Core/Src/main.c:1663:6:check_distance_complete	16	static
../Core/Src/main.c:1691:5:main	224	static
../Core/Src/main.c:2286:6:SystemClock_Config	88	static
../Core/Src/main.c:2332:13:MX_ADC1_Init	24	static
../Core/Src/main.c:2393:13:MX_I2C2_Init	8	static
../Core/Src/main.c:2427:13:MX_TIM1_Init	96	static
../Core/Src/main.c:2514:13:MX_TIM2_Init	56	static
../Core/Src/main.c:2563:13:MX_TIM3_Init	48	static
../Core/Src/main.c:2621:13:MX_TIM4_Init	64	static
../Core/Src/main.c:2684:13:MX_TIM5_Init	56	static
../Core/Src/main.c:2733:13:MX_TIM8_Init	32	static
../Core/Src/main.c:2779:13:MX_TIM12_Init	56	static
../Core/Src/main.c:2831:13:MX_USART2_UART_Init	8	static
../Core/Src/main.c:2864:13:MX_USART3_UART_Init	8	static
../Core/Src/main.c:2895:13:MX_DMA_Init	16	static
../Core/Src/main.c:2913:13:MX_GPIO_Init	56	static
../Core/Src/main.c:3002:6:Error_Handler	4	static,ignoring_inline_asm
