../Core/Src/main.c:120:7:HAL_TIM_IC_CaptureCallback	16	static
../Core/Src/main.c:127:7:HAL_GPIO_EXTI_Callback	16	static
../Core/Src/main.c:158:7:MotorDrive_enable	8	static
../Core/Src/main.c:170:7:MotorC_direction	16	static
../Core/Src/main.c:177:7:MotorC_stop	4	static
../Core/Src/main.c:182:7:MotorC_forward	16	static
../Core/Src/main.c:188:7:MotorC_reverse	16	static
../Core/Src/main.c:193:7:MotorD_reverse	16	static
../Core/Src/main.c:199:7:MotorD_forward	16	static
../Core/Src/main.c:206:7:Motor_stop	8	static
../Core/Src/main.c:219:7:Motor_direction	16	static
../Core/Src/main.c:230:7:Motor_forward	16	static
../Core/Src/main.c:242:7:Motor_reverse	16	static
../Core/Src/main.c:255:10:PID_Control	8	static
../Core/Src/main.c:315:7:serial_uart	8	static
../Core/Src/main.c:381:6:main	40	static
../Core/Src/main.c:586:7:SystemClock_Config	88	static
../Core/Src/main.c:632:14:MX_I2C2_Init	8	static
../Core/Src/main.c:666:14:MX_TIM1_Init	96	static
../Core/Src/main.c:754:14:MX_TIM2_Init	56	static
../Core/Src/main.c:803:14:MX_TIM3_Init	64	static
../Core/Src/main.c:862:14:MX_TIM4_Init	64	static
../Core/Src/main.c:925:14:MX_TIM5_Init	56	static
../Core/Src/main.c:974:14:MX_TIM8_Init	32	static
../Core/Src/main.c:1020:14:MX_TIM11_Init	40	static
../Core/Src/main.c:1065:14:MX_USART2_UART_Init	8	static
../Core/Src/main.c:1098:14:MX_USART3_UART_Init	8	static
../Core/Src/main.c:1131:14:MX_GPIO_Init	56	static
../Core/Src/main.c:1197:7:Error_Handler	4	static,ignoring_inline_asm
