../Core/Src/main.c:118:7:HAL_TIM_IC_CaptureCallback	16	static
../Core/Src/main.c:125:7:HAL_GPIO_EXTI_Callback	16	static
../Core/Src/main.c:145:7:MotorDrive_enable	8	static
../Core/Src/main.c:157:7:MotorC_direction	16	static
../Core/Src/main.c:164:7:MotorC_stop	4	static
../Core/Src/main.c:169:7:MotorC_forward	16	static
../Core/Src/main.c:175:7:MotorC_reverse	16	static
../Core/Src/main.c:181:7:Motor_stop	8	static
../Core/Src/main.c:194:7:Motor_direction	16	static
../Core/Src/main.c:205:7:Motor_forward	16	static
../Core/Src/main.c:217:7:Motor_reverse	16	static
../Core/Src/main.c:230:10:PID_Control	8	static
../Core/Src/main.c:290:7:serial_uart	8	static
../Core/Src/main.c:356:6:main	32	static
../Core/Src/main.c:535:7:SystemClock_Config	88	static
../Core/Src/main.c:581:14:MX_I2C2_Init	8	static
../Core/Src/main.c:615:14:MX_TIM1_Init	96	static
../Core/Src/main.c:703:14:MX_TIM2_Init	56	static
../Core/Src/main.c:752:14:MX_TIM3_Init	64	static
../Core/Src/main.c:811:14:MX_TIM4_Init	64	static
../Core/Src/main.c:874:14:MX_TIM5_Init	56	static
../Core/Src/main.c:923:14:MX_TIM8_Init	32	static
../Core/Src/main.c:969:14:MX_TIM11_Init	40	static
../Core/Src/main.c:1014:14:MX_USART2_UART_Init	8	static
../Core/Src/main.c:1047:14:MX_USART3_UART_Init	8	static
../Core/Src/main.c:1080:14:MX_GPIO_Init	56	static
../Core/Src/main.c:1146:7:Error_Handler	4	static,ignoring_inline_asm
