../Core/Src/main.c:168:15:ir_read_pa2	4	static
../Core/Src/main.c:171:15:ir_read_pa3	4	static
../Core/Src/main.c:180:15:absf	16	static
../Core/Src/main.c:186:15:icm_get_gz_dps	40	static
../Core/Src/main.c:195:7:drive_both	24	static
../Core/Src/main.c:206:14:gyro_calibrate_bias	24	static
../Core/Src/main.c:222:27:icm_write_u8	32	static
../Core/Src/main.c:227:27:icm_read	32	static
../Core/Src/main.c:232:14:icm_select_bank	16	static
../Core/Src/main.c:238:17:icm_whoami	16	static
../Core/Src/main.c:246:17:icm_init_minimal	16	static
../Core/Src/main.c:263:14:OLED_ShowGyro	120	static
../Core/Src/main.c:300:17:be16_to_i16	16	static
../Core/Src/main.c:305:17:icm_read_accel_gyro	40	static
../Core/Src/main.c:388:7:HAL_TIM_IC_CaptureCallback	16	static
../Core/Src/main.c:419:7:HAL_GPIO_EXTI_Callback	24	static
../Core/Src/main.c:435:7:fwd_until_ir_clear_v2_rir	104	static
../Core/Src/main.c:540:7:fwd_until_ir_clear_v2	104	static
../Core/Src/main.c:625:7:fwd_until_ir_clear	96	static
../Core/Src/main.c:710:7:MotorDrive_enable	8	static
../Core/Src/main.c:721:7:Motor_forward_forreverse	16	static
../Core/Src/main.c:730:7:Motor_reverse_forreverse	16	static
../Core/Src/main.c:739:7:MotorC_direction	16	static
../Core/Src/main.c:746:7:MotorC_stop	4	static
../Core/Src/main.c:751:7:MotorC_forward	16	static
../Core/Src/main.c:757:7:MotorC_reverse	16	static
../Core/Src/main.c:762:7:MotorD_forward	16	static
../Core/Src/main.c:768:7:MotorD_reverse	16	static
../Core/Src/main.c:784:7:Servo_SetPWM	16	static
../Core/Src/main.c:792:15:get_gz_filtered_dps	16	static
../Core/Src/main.c:799:15:gyro_settle_integrate	40	static
../Core/Src/main.c:821:7:Servo_Init	8	static
../Core/Src/main.c:828:7:Motor_stop	8	static
../Core/Src/main.c:842:7:Motor_brake	8	static
../Core/Src/main.c:860:7:Motor_brake_turn	8	static
../Core/Src/main.c:878:7:Motor_direction	16	static
../Core/Src/main.c:889:7:Motor_reverse	16	static
../Core/Src/main.c:901:7:Motor_forward	16	static
../Core/Src/main.c:912:14:OLED_ShowIR	104	static
../Core/Src/main.c:933:14:gyro_rebias_quick	24	static
../Core/Src/main.c:947:7:avoid_right	72	static
../Core/Src/main.c:1041:7:turn_left_gyro_t2	184	static
../Core/Src/main.c:1112:7:turn_left_gyro	184	static
../Core/Src/main.c:1183:7:turn_right_gyro	160	static
../Core/Src/main.c:1253:7:turn_right_gyro_t2	160	static
../Core/Src/main.c:1323:7:HAL_UART_RxCpltCallback	24	static
../Core/Src/main.c:1361:10:PID_Control	8	static
../Core/Src/main.c:1429:7:HCSR04_Init	8	static
../Core/Src/main.c:1435:7:HCSR04_Trigger	16	static,ignoring_inline_asm
../Core/Src/main.c:1446:8:HCSR04_ProcessCapture	16	static
../Core/Src/main.c:1467:7:HCSR04_ContinuousUpdate	112	static
../Core/Src/main.c:1561:7:fwdt2	168	static
../Core/Src/main.c:1777:7:fwd	16	static
../Core/Src/main.c:1812:7:rev	16	static
../Core/Src/main.c:1837:7:turn_left_gyro_final	184	static
../Core/Src/main.c:1917:7:turn_right_gyro_final	160	static
../Core/Src/main.c:1990:6:check_distance_complete	16	static
../Core/Src/main.c:2018:5:main	360	static
../Core/Src/main.c:2841:6:SystemClock_Config	88	static
../Core/Src/main.c:2887:13:MX_ADC1_Init	24	static
../Core/Src/main.c:2948:13:MX_I2C2_Init	8	static
../Core/Src/main.c:2982:13:MX_TIM1_Init	96	static
../Core/Src/main.c:3069:13:MX_TIM2_Init	56	static
../Core/Src/main.c:3118:13:MX_TIM3_Init	48	static
../Core/Src/main.c:3176:13:MX_TIM4_Init	64	static
../Core/Src/main.c:3239:13:MX_TIM5_Init	56	static
../Core/Src/main.c:3288:13:MX_TIM8_Init	32	static
../Core/Src/main.c:3334:13:MX_TIM12_Init	56	static
../Core/Src/main.c:3386:13:MX_USART2_UART_Init	8	static
../Core/Src/main.c:3419:13:MX_USART3_UART_Init	8	static
../Core/Src/main.c:3450:13:MX_DMA_Init	16	static
../Core/Src/main.c:3468:13:MX_GPIO_Init	56	static
../Core/Src/main.c:3557:6:Error_Handler	4	static,ignoring_inline_asm
