../Core/Src/main.c:168:15:ir_read_pa2	1
../Core/Src/main.c:171:15:ir_read_pa3	1
../Core/Src/main.c:180:15:absf	2
../Core/Src/main.c:186:15:icm_get_gz_dps	2
../Core/Src/main.c:195:7:drive_both	2
../Core/Src/main.c:206:14:gyro_calibrate_bias	2
../Core/Src/main.c:222:27:icm_write_u8	1
../Core/Src/main.c:227:27:icm_read	1
../Core/Src/main.c:232:14:icm_select_bank	1
../Core/Src/main.c:238:17:icm_whoami	2
../Core/Src/main.c:246:17:icm_init_minimal	3
../Core/Src/main.c:263:14:OLED_ShowGyro	3
../Core/Src/main.c:300:17:be16_to_i16	1
../Core/Src/main.c:305:17:icm_read_accel_gyro	3
../Core/Src/main.c:388:7:HAL_TIM_IC_CaptureCallback	4
../Core/Src/main.c:419:7:HAL_GPIO_EXTI_Callback	3
../Core/Src/main.c:435:7:fwd_until_ir_clear_v2_rir	18
../Core/Src/main.c:540:7:fwd_until_ir_clear_v2	14
../Core/Src/main.c:625:7:fwd_until_ir_clear	15
../Core/Src/main.c:710:7:MotorDrive_enable	1
../Core/Src/main.c:721:7:Motor_forward_forreverse	1
../Core/Src/main.c:730:7:Motor_reverse_forreverse	1
../Core/Src/main.c:739:7:MotorC_direction	2
../Core/Src/main.c:746:7:MotorC_stop	1
../Core/Src/main.c:751:7:MotorC_forward	1
../Core/Src/main.c:757:7:MotorC_reverse	1
../Core/Src/main.c:762:7:MotorD_forward	1
../Core/Src/main.c:768:7:MotorD_reverse	1
../Core/Src/main.c:784:7:Servo_SetPWM	3
../Core/Src/main.c:792:15:get_gz_filtered_dps	1
../Core/Src/main.c:799:15:gyro_settle_integrate	4
../Core/Src/main.c:821:7:Servo_Init	1
../Core/Src/main.c:828:7:Motor_stop	1
../Core/Src/main.c:842:7:Motor_brake	2
../Core/Src/main.c:860:7:Motor_brake_turn	2
../Core/Src/main.c:878:7:Motor_direction	2
../Core/Src/main.c:889:7:Motor_reverse	1
../Core/Src/main.c:901:7:Motor_forward	1
../Core/Src/main.c:912:14:OLED_ShowIR	1
../Core/Src/main.c:933:14:gyro_rebias_quick	2
../Core/Src/main.c:947:7:avoid_right	23
../Core/Src/main.c:1041:7:turn_left_gyro_t2	9
../Core/Src/main.c:1112:7:turn_left_gyro	9
../Core/Src/main.c:1183:7:turn_right_gyro	9
../Core/Src/main.c:1253:7:turn_right_gyro_t2	9
../Core/Src/main.c:1323:7:HAL_UART_RxCpltCallback	7
../Core/Src/main.c:1361:10:PID_Control	6
../Core/Src/main.c:1429:7:HCSR04_Init	1
../Core/Src/main.c:1435:7:HCSR04_Trigger	2
../Core/Src/main.c:1446:8:HCSR04_ProcessCapture	5
../Core/Src/main.c:1467:7:HCSR04_ContinuousUpdate	14
../Core/Src/main.c:1561:7:fwdt2	11
../Core/Src/main.c:1777:7:fwd	1
../Core/Src/main.c:1812:7:rev	1
../Core/Src/main.c:1837:7:turn_left_gyro_final	9
../Core/Src/main.c:1917:7:turn_right_gyro_final	9
../Core/Src/main.c:1990:6:check_distance_complete	4
../Core/Src/main.c:2018:5:main	103
../Core/Src/main.c:2841:6:SystemClock_Config	3
../Core/Src/main.c:2887:13:MX_ADC1_Init	4
../Core/Src/main.c:2948:13:MX_I2C2_Init	2
../Core/Src/main.c:2982:13:MX_TIM1_Init	10
../Core/Src/main.c:3069:13:MX_TIM2_Init	3
../Core/Src/main.c:3118:13:MX_TIM3_Init	6
../Core/Src/main.c:3176:13:MX_TIM4_Init	7
../Core/Src/main.c:3239:13:MX_TIM5_Init	3
../Core/Src/main.c:3288:13:MX_TIM8_Init	4
../Core/Src/main.c:3334:13:MX_TIM12_Init	5
../Core/Src/main.c:3386:13:MX_USART2_UART_Init	2
../Core/Src/main.c:3419:13:MX_USART3_UART_Init	2
../Core/Src/main.c:3450:13:MX_DMA_Init	1
../Core/Src/main.c:3468:13:MX_GPIO_Init	1
../Core/Src/main.c:3557:6:Error_Handler	1
