../Core/Src/main.c:125:15:absf	16	static
../Core/Src/main.c:134:15:icm_get_gz_dps	16	static
../Core/Src/main.c:145:14:gyro_calibrate_bias	24	static
../Core/Src/main.c:161:27:icm_write_u8	32	static
../Core/Src/main.c:166:27:icm_read	32	static
../Core/Src/main.c:171:14:icm_select_bank	16	static
../Core/Src/main.c:177:17:icm_whoami	16	static
../Core/Src/main.c:185:17:icm_init_minimal	16	static
../Core/Src/main.c:202:14:OLED_ShowGyro	120	static
../Core/Src/main.c:239:17:be16_to_i16	16	static
../Core/Src/main.c:244:17:icm_read_accel_gyro	40	static
../Core/Src/main.c:325:7:HAL_TIM_IC_CaptureCallback	16	static
../Core/Src/main.c:397:7:Motor_brake	8	static
../Core/Src/main.c:415:7:MotorDrive_enable	8	static
../Core/Src/main.c:427:7:MotorC_direction	16	static
../Core/Src/main.c:434:7:MotorC_stop	4	static
../Core/Src/main.c:439:7:MotorC_forward	16	static
../Core/Src/main.c:445:7:MotorC_reverse	16	static
../Core/Src/main.c:450:7:MotorD_reverse	16	static
../Core/Src/main.c:456:7:MotorD_forward	16	static
../Core/Src/main.c:472:7:Servo_SetPWM	16	static
../Core/Src/main.c:481:7:Servo_Init	8	static
../Core/Src/main.c:488:7:Motor_stop	8	static
../Core/Src/main.c:501:7:Motor_direction	16	static
../Core/Src/main.c:516:7:drive_both	24	static
../Core/Src/main.c:526:7:Motor_forward	16	static
../Core/Src/main.c:535:7:Motor_forward_forreverse	16	static
../Core/Src/main.c:544:7:Motor_reverse	16	static
../Core/Src/main.c:556:7:Motor_reverse_forreverse	16	static
../Core/Src/main.c:571:7:HAL_UART_RxCpltCallback	24	static
../Core/Src/main.c:608:10:PID_Control	8	static
../Core/Src/main.c:675:15:get_gz_filtered_dps	16	static
../Core/Src/main.c:681:8:get_adjusted_turn_deg	24	static
../Core/Src/main.c:699:14:gyro_rebias_quick	24	static
../Core/Src/main.c:713:14:reset_turn_encoders	4	static
../Core/Src/main.c:719:17:get_enc_a	4	static
../Core/Src/main.c:724:17:get_enc_d	4	static
../Core/Src/main.c:729:7:turn_left_gyro_fused	176	static
../Core/Src/main.c:825:7:turn_right_gyro_fused	176	static
../Core/Src/main.c:919:7:fwd	16	static
../Core/Src/main.c:951:7:rev	16	static
../Core/Src/main.c:979:15:gyro_settle_integrate	40	static
../Core/Src/main.c:1004:7:turn_left_gyro	184	static
../Core/Src/main.c:1088:7:turn_right_gyro	160	static
../Core/Src/main.c:1163:7:revr	160	static
../Core/Src/main.c:1238:7:revl	160	static
../Core/Src/main.c:1316:6:check_distance_complete	16	static
../Core/Src/main.c:1369:7:serial_uart	8	static
../Core/Src/main.c:1437:7:UART3_Poll_Line	16	static
../Core/Src/main.c:1475:6:main	200	static
../Core/Src/main.c:1959:7:SystemClock_Config	88	static
../Core/Src/main.c:2005:14:MX_I2C2_Init	8	static
../Core/Src/main.c:2039:14:MX_TIM1_Init	96	static
../Core/Src/main.c:2127:14:MX_TIM2_Init	56	static
../Core/Src/main.c:2176:14:MX_TIM3_Init	64	static
../Core/Src/main.c:2235:14:MX_TIM4_Init	64	static
../Core/Src/main.c:2298:14:MX_TIM5_Init	56	static
../Core/Src/main.c:2347:14:MX_TIM8_Init	32	static
../Core/Src/main.c:2393:14:MX_TIM11_Init	40	static
../Core/Src/main.c:2438:14:MX_TIM12_Init	56	static
../Core/Src/main.c:2484:14:MX_USART2_UART_Init	8	static
../Core/Src/main.c:2517:14:MX_USART3_UART_Init	8	static
../Core/Src/main.c:2550:14:MX_GPIO_Init	56	static
../Core/Src/main.c:2616:7:Error_Handler	4	static,ignoring_inline_asm
