../Core/Src/main.c:119:15:absf	16	static
../Core/Src/main.c:125:15:icm_get_gz_dps	40	static
../Core/Src/main.c:135:14:gyro_calibrate_bias	24	static
../Core/Src/main.c:151:27:icm_write_u8	32	static
../Core/Src/main.c:156:27:icm_read	32	static
../Core/Src/main.c:161:14:icm_select_bank	16	static
../Core/Src/main.c:167:17:icm_whoami	16	static
../Core/Src/main.c:175:17:icm_init_minimal	16	static
../Core/Src/main.c:192:14:OLED_ShowGyro	120	static
../Core/Src/main.c:229:17:be16_to_i16	16	static
../Core/Src/main.c:234:17:icm_read_accel_gyro	40	static
../Core/Src/main.c:315:7:HAL_TIM_IC_CaptureCallback	16	static
../Core/Src/main.c:387:7:Motor_brake	8	static
../Core/Src/main.c:405:7:MotorDrive_enable	8	static
../Core/Src/main.c:417:7:MotorC_direction	16	static
../Core/Src/main.c:424:7:MotorC_stop	4	static
../Core/Src/main.c:429:7:MotorC_forward	16	static
../Core/Src/main.c:435:7:MotorC_reverse	16	static
../Core/Src/main.c:440:7:MotorD_reverse	16	static
../Core/Src/main.c:446:7:MotorD_forward	16	static
../Core/Src/main.c:462:7:Servo_SetPWM	16	static
../Core/Src/main.c:471:7:Servo_Init	8	static
../Core/Src/main.c:478:7:Motor_stop	8	static
../Core/Src/main.c:491:7:Motor_direction	16	static
../Core/Src/main.c:506:7:drive_both	24	static
../Core/Src/main.c:516:7:Motor_forward	16	static
../Core/Src/main.c:525:7:Motor_forward_forreverse	16	static
../Core/Src/main.c:534:7:Motor_reverse	16	static
../Core/Src/main.c:546:7:Motor_reverse_forreverse	16	static
../Core/Src/main.c:561:7:HAL_UART_RxCpltCallback	24	static
../Core/Src/main.c:598:10:PID_Control	8	static
../Core/Src/main.c:665:15:get_gz_filtered_dps	16	static
../Core/Src/main.c:672:14:gyro_rebias_quick	24	static
../Core/Src/main.c:686:14:reset_turn_encoders	4	static
../Core/Src/main.c:692:17:get_enc_a	4	static
../Core/Src/main.c:697:17:get_enc_d	4	static
../Core/Src/main.c:702:7:turn_left_gyro_fused	176	static
../Core/Src/main.c:797:7:turn_right_gyro_fused	176	static
../Core/Src/main.c:890:7:fwd	16	static
../Core/Src/main.c:921:7:rev	16	static
../Core/Src/main.c:946:7:turn_left_gyro	96	static
../Core/Src/main.c:992:7:turn_right_gyro	96	static
../Core/Src/main.c:1038:7:revr	104	static
../Core/Src/main.c:1087:7:revl	104	static
../Core/Src/main.c:1142:6:check_distance_complete	16	static
../Core/Src/main.c:1195:7:serial_uart	8	static
../Core/Src/main.c:1263:7:UART3_Poll_Line	16	static
../Core/Src/main.c:1301:6:main	160	static
../Core/Src/main.c:1752:7:SystemClock_Config	88	static
../Core/Src/main.c:1798:14:MX_I2C2_Init	8	static
../Core/Src/main.c:1832:14:MX_TIM1_Init	96	static
../Core/Src/main.c:1920:14:MX_TIM2_Init	56	static
../Core/Src/main.c:1969:14:MX_TIM3_Init	64	static
../Core/Src/main.c:2028:14:MX_TIM4_Init	64	static
../Core/Src/main.c:2091:14:MX_TIM5_Init	56	static
../Core/Src/main.c:2140:14:MX_TIM8_Init	32	static
../Core/Src/main.c:2186:14:MX_TIM11_Init	40	static
../Core/Src/main.c:2231:14:MX_TIM12_Init	56	static
../Core/Src/main.c:2277:14:MX_USART2_UART_Init	8	static
../Core/Src/main.c:2310:14:MX_USART3_UART_Init	8	static
../Core/Src/main.c:2343:14:MX_GPIO_Init	56	static
../Core/Src/main.c:2409:7:Error_Handler	4	static,ignoring_inline_asm
